005008B0001_B0002_DPE_20230703.txt
 005008H0024_DPE_20230703.txt 
 005008H0025_DPE_20230703.txt 
 005008H0026_DPE_20230703.txt 
 005008H0027_DPE_20230703.txt 
 005008H0028_DPE_20230703.txt 
 005008H0029_DPE_20230703.txt 
 005008H0044_DPE_20230703.txt 
 005008H0045_DPE_20230703.txt 
 005008H0046_DPE_20230703.txt 
 005008H0047_DPE_20230703.txt 
 005008H0048_DPE_20230703.txt 
 005008H0049_DPE_20230703.txt 
 005008H0083_DPE_20230703.txt 
 005008H0085_DPE_20230703.txt 
 005008H0086_DPE_20230703.txt 
 005008H0087_DPE_20230703.txt 
 005008H0088_DPE_20230703.txt 
 005008H0089_DPE_20230703.txt 
 005008H0090_DPE_20230703.txt 
 014201H0004_DPE_20230619.txt 
 005008B0001_B0002_DPE_20230703.txt 
 005008H0024_DPE_20230703.txt 
 005008H0025_DPE_20230703.txt 
 005008H0026_DPE_20230703.txt 
 005008H0027_DPE_20230703.txt 
 005008H0028_DPE_20230703.txt 
 005008H0029_DPE_20230703.txt 
 005008H0044_DPE_20230703.txt 
 005008H0045_DPE_20230703.txt 
 005008H0046_DPE_20230703.txt 
 005008H0047_DPE_20230703.txt 
 005008H0048_DPE_20230703.txt 
 005008H0049_DPE_20230703.txt 
 005008H0083_DPE_20230703.txt 
 005008H0085_DPE_20230703.txt 
 005008H0086_DPE_20230703.txt 
 005008H0087_DPE_20230703.txt 
 005008H0088_DPE_20230703.txt 
 005008H0089_DPE_20230703.txt 
 005008H0090_DPE_20230703.txt 
 014201H0004_DPE_20230619.txt 
 005008B0001_B0002_DPE_20230703.txt 
 005008H0024_DPE_20230703.txt 
 005008H0025_DPE_20230703.txt 
 005008H0026_DPE_20230703.txt 
 005008H0027_DPE_20230703.txt 
 005008H0028_DPE_20230703.txt 
 005008H0029_DPE_20230703.txt 
 005008H0044_DPE_20230703.txt 
 005008H0045_DPE_20230703.txt 
 005008H0046_DPE_20230703.txt 
 005008H0047_DPE_20230703.txt 
 005008H0048_DPE_20230703.txt 
 005008H0049_DPE_20230703.txt 
 005008H0083_DPE_20230703.txt 
 005008H0085_DPE_20230703.txt 
 005008H0086_DPE_20230703.txt 
 005008H0087_DPE_20230703.txt 
 005008H0088_DPE_20230703.txt 
 005008H0089_DPE_20230703.txt 
 005008H0090_DPE_20230703.txt 
 014201H0004_DPE_20230619.txt 
 005008B0001_B0002_DPE_20230703.txt 
 